Archive member included to satisfy reference by file (symbol)

c:/facultad/ingenieria/iyc/7.0/toolchain/avr8/avr8-gnu-toolchain/bin/../lib/gcc/avr/5.4.0/avr5\libgcc.a(_divmodhi4.o)
                              drivers/rgb/rgb.o (__divmodhi4)
c:/facultad/ingenieria/iyc/7.0/toolchain/avr8/avr8-gnu-toolchain/bin/../lib/gcc/avr/5.4.0/avr5\libgcc.a(_udivmodsi4.o)
                              drivers/mef/MEF.o (__udivmodsi4)
c:/facultad/ingenieria/iyc/7.0/toolchain/avr8/avr8-gnu-toolchain/bin/../lib/gcc/avr/5.4.0/avr5\libgcc.a(_exit.o)
                              C:/Facultad/Ingenieria/IyC/7.0/Packs/atmel/ATmega_DFP/1.6.364/gcc/dev/atmega328p/avr5/crtatmega328p.o (exit)
c:/facultad/ingenieria/iyc/7.0/toolchain/avr8/avr8-gnu-toolchain/bin/../lib/gcc/avr/5.4.0/avr5\libgcc.a(_copy_data.o)
                              drivers/uart/comandos.o (__do_copy_data)
c:/facultad/ingenieria/iyc/7.0/toolchain/avr8/avr8-gnu-toolchain/bin/../lib/gcc/avr/5.4.0/avr5\libgcc.a(_clear_bss.o)
                              drivers/mef/MEF.o (__do_clear_bss)
c:/facultad/ingenieria/iyc/7.0/toolchain/avr8/avr8-gnu-toolchain/bin/../lib/gcc/avr/5.4.0/avr5\libgcc.a(_umulhisi3.o)
                              drivers/mef/MEF.o (__umulhisi3)
c:/facultad/ingenieria/iyc/7.0/toolchain/avr8/avr8-gnu-toolchain/bin/../lib/gcc/avr/5.4.0/avr5\libgcc.a(_udivmodhi4.o)
                              c:/facultad/ingenieria/iyc/7.0/toolchain/avr8/avr8-gnu-toolchain/bin/../lib/gcc/avr/5.4.0/avr5\libgcc.a(_divmodhi4.o) (__udivmodhi4)
c:/facultad/ingenieria/iyc/7.0/toolchain/avr8/avr8-gnu-toolchain/bin/../lib/gcc/avr/5.4.0/../../../../avr/lib/avr5\libc.a(strncmp.o)
                              drivers/uart/comandos.o (strncmp)
c:/facultad/ingenieria/iyc/7.0/toolchain/avr8/avr8-gnu-toolchain/bin/../lib/gcc/avr/5.4.0/../../../../avr/lib/avr5\libc.a(sscanf.o)
                              drivers/uart/comandos.o (sscanf)
c:/facultad/ingenieria/iyc/7.0/toolchain/avr8/avr8-gnu-toolchain/bin/../lib/gcc/avr/5.4.0/../../../../avr/lib/avr5\libc.a(vfscanf_std.o)
                              c:/facultad/ingenieria/iyc/7.0/toolchain/avr8/avr8-gnu-toolchain/bin/../lib/gcc/avr/5.4.0/../../../../avr/lib/avr5\libc.a(sscanf.o) (vfscanf)
c:/facultad/ingenieria/iyc/7.0/toolchain/avr8/avr8-gnu-toolchain/bin/../lib/gcc/avr/5.4.0/../../../../avr/lib/avr5\libc.a(isspace.o)
                              c:/facultad/ingenieria/iyc/7.0/toolchain/avr8/avr8-gnu-toolchain/bin/../lib/gcc/avr/5.4.0/../../../../avr/lib/avr5\libc.a(vfscanf_std.o) (isspace)
c:/facultad/ingenieria/iyc/7.0/toolchain/avr8/avr8-gnu-toolchain/bin/../lib/gcc/avr/5.4.0/../../../../avr/lib/avr5\libc.a(strchr_P.o)
                              c:/facultad/ingenieria/iyc/7.0/toolchain/avr8/avr8-gnu-toolchain/bin/../lib/gcc/avr/5.4.0/../../../../avr/lib/avr5\libc.a(vfscanf_std.o) (strchr_P)
c:/facultad/ingenieria/iyc/7.0/toolchain/avr8/avr8-gnu-toolchain/bin/../lib/gcc/avr/5.4.0/../../../../avr/lib/avr5\libc.a(fgetc.o)
                              c:/facultad/ingenieria/iyc/7.0/toolchain/avr8/avr8-gnu-toolchain/bin/../lib/gcc/avr/5.4.0/../../../../avr/lib/avr5\libc.a(vfscanf_std.o) (fgetc)
c:/facultad/ingenieria/iyc/7.0/toolchain/avr8/avr8-gnu-toolchain/bin/../lib/gcc/avr/5.4.0/../../../../avr/lib/avr5\libc.a(ungetc.o)
                              c:/facultad/ingenieria/iyc/7.0/toolchain/avr8/avr8-gnu-toolchain/bin/../lib/gcc/avr/5.4.0/../../../../avr/lib/avr5\libc.a(vfscanf_std.o) (ungetc)
c:/facultad/ingenieria/iyc/7.0/toolchain/avr8/avr8-gnu-toolchain/bin/../lib/gcc/avr/5.4.0/../../../../avr/lib/avr5\libc.a(cty_isfalse.o)
                              c:/facultad/ingenieria/iyc/7.0/toolchain/avr8/avr8-gnu-toolchain/bin/../lib/gcc/avr/5.4.0/../../../../avr/lib/avr5\libc.a(isspace.o) (__ctype_isfalse)
c:/facultad/ingenieria/iyc/7.0/toolchain/avr8/avr8-gnu-toolchain/bin/../lib/gcc/avr/5.4.0/avr5\libgcc.a(_prologue.o)
                              c:/facultad/ingenieria/iyc/7.0/toolchain/avr8/avr8-gnu-toolchain/bin/../lib/gcc/avr/5.4.0/../../../../avr/lib/avr5\libc.a(sscanf.o) (__prologue_saves__)
c:/facultad/ingenieria/iyc/7.0/toolchain/avr8/avr8-gnu-toolchain/bin/../lib/gcc/avr/5.4.0/avr5\libgcc.a(_epilogue.o)
                              c:/facultad/ingenieria/iyc/7.0/toolchain/avr8/avr8-gnu-toolchain/bin/../lib/gcc/avr/5.4.0/../../../../avr/lib/avr5\libc.a(sscanf.o) (__epilogue_restores__)

Allocating common symbols
Common symbol       size              file

rx_buffer           0x42              drivers/uart/uart.o
tx_buffer           0x42              drivers/uart/uart.o

Discarded input sections

 .data          0x00000000        0x0 C:/Facultad/Ingenieria/IyC/7.0/Packs/atmel/ATmega_DFP/1.6.364/gcc/dev/atmega328p/avr5/crtatmega328p.o
 .bss           0x00000000        0x0 C:/Facultad/Ingenieria/IyC/7.0/Packs/atmel/ATmega_DFP/1.6.364/gcc/dev/atmega328p/avr5/crtatmega328p.o
 .text          0x00000000        0x0 drivers/adc/adc.o
 .data          0x00000000        0x0 drivers/adc/adc.o
 .bss           0x00000000        0x0 drivers/adc/adc.o
 .text          0x00000000        0x0 drivers/mef/MEF.o
 .data          0x00000000        0x0 drivers/mef/MEF.o
 .bss           0x00000000        0x0 drivers/mef/MEF.o
 .text          0x00000000        0x0 drivers/pwm/pwm.o
 .data          0x00000000        0x0 drivers/pwm/pwm.o
 .bss           0x00000000        0x0 drivers/pwm/pwm.o
 .text          0x00000000        0x0 drivers/rgb/rgb.o
 .data          0x00000000        0x0 drivers/rgb/rgb.o
 .bss           0x00000000        0x0 drivers/rgb/rgb.o
 .text          0x00000000        0x0 drivers/timers/timer0.o
 .data          0x00000000        0x0 drivers/timers/timer0.o
 .bss           0x00000000        0x0 drivers/timers/timer0.o
 .text.TIMER0_set_duty_red
                0x00000000        0x6 drivers/timers/timer0.o
 .bss.duty_red  0x00000000        0x1 drivers/timers/timer0.o
 .text          0x00000000        0x0 drivers/timers/timer1.o
 .data          0x00000000        0x0 drivers/timers/timer1.o
 .bss           0x00000000        0x0 drivers/timers/timer1.o
 .text          0x00000000        0x0 drivers/uart/buffer_circular.o
 .data          0x00000000        0x0 drivers/uart/buffer_circular.o
 .bss           0x00000000        0x0 drivers/uart/buffer_circular.o
 .text          0x00000000        0x0 drivers/uart/comandos.o
 .data          0x00000000        0x0 drivers/uart/comandos.o
 .bss           0x00000000        0x0 drivers/uart/comandos.o
 .text          0x00000000        0x0 drivers/uart/uart.o
 .data          0x00000000        0x0 drivers/uart/uart.o
 .bss           0x00000000        0x0 drivers/uart/uart.o
 .text.UART_rx_available
                0x00000000       0x12 drivers/uart/uart.o
 .text          0x00000000        0x0 main.o
 .data          0x00000000        0x0 main.o
 .bss           0x00000000        0x0 main.o
 .text          0x00000000        0x0 c:/facultad/ingenieria/iyc/7.0/toolchain/avr8/avr8-gnu-toolchain/bin/../lib/gcc/avr/5.4.0/avr5\libgcc.a(_divmodhi4.o)
 .data          0x00000000        0x0 c:/facultad/ingenieria/iyc/7.0/toolchain/avr8/avr8-gnu-toolchain/bin/../lib/gcc/avr/5.4.0/avr5\libgcc.a(_divmodhi4.o)
 .bss           0x00000000        0x0 c:/facultad/ingenieria/iyc/7.0/toolchain/avr8/avr8-gnu-toolchain/bin/../lib/gcc/avr/5.4.0/avr5\libgcc.a(_divmodhi4.o)
 .text.libgcc.mul
                0x00000000        0x0 c:/facultad/ingenieria/iyc/7.0/toolchain/avr8/avr8-gnu-toolchain/bin/../lib/gcc/avr/5.4.0/avr5\libgcc.a(_divmodhi4.o)
 .text.libgcc   0x00000000        0x0 c:/facultad/ingenieria/iyc/7.0/toolchain/avr8/avr8-gnu-toolchain/bin/../lib/gcc/avr/5.4.0/avr5\libgcc.a(_divmodhi4.o)
 .text.libgcc.prologue
                0x00000000        0x0 c:/facultad/ingenieria/iyc/7.0/toolchain/avr8/avr8-gnu-toolchain/bin/../lib/gcc/avr/5.4.0/avr5\libgcc.a(_divmodhi4.o)
 .text.libgcc.builtins
                0x00000000        0x0 c:/facultad/ingenieria/iyc/7.0/toolchain/avr8/avr8-gnu-toolchain/bin/../lib/gcc/avr/5.4.0/avr5\libgcc.a(_divmodhi4.o)
 .text.libgcc.fmul
                0x00000000        0x0 c:/facultad/ingenieria/iyc/7.0/toolchain/avr8/avr8-gnu-toolchain/bin/../lib/gcc/avr/5.4.0/avr5\libgcc.a(_divmodhi4.o)
 .text.libgcc.fixed
                0x00000000        0x0 c:/facultad/ingenieria/iyc/7.0/toolchain/avr8/avr8-gnu-toolchain/bin/../lib/gcc/avr/5.4.0/avr5\libgcc.a(_divmodhi4.o)
 .text          0x00000000        0x0 c:/facultad/ingenieria/iyc/7.0/toolchain/avr8/avr8-gnu-toolchain/bin/../lib/gcc/avr/5.4.0/avr5\libgcc.a(_udivmodsi4.o)
 .data          0x00000000        0x0 c:/facultad/ingenieria/iyc/7.0/toolchain/avr8/avr8-gnu-toolchain/bin/../lib/gcc/avr/5.4.0/avr5\libgcc.a(_udivmodsi4.o)
 .bss           0x00000000        0x0 c:/facultad/ingenieria/iyc/7.0/toolchain/avr8/avr8-gnu-toolchain/bin/../lib/gcc/avr/5.4.0/avr5\libgcc.a(_udivmodsi4.o)
 .text.libgcc.mul
                0x00000000        0x0 c:/facultad/ingenieria/iyc/7.0/toolchain/avr8/avr8-gnu-toolchain/bin/../lib/gcc/avr/5.4.0/avr5\libgcc.a(_udivmodsi4.o)
 .text.libgcc   0x00000000        0x0 c:/facultad/ingenieria/iyc/7.0/toolchain/avr8/avr8-gnu-toolchain/bin/../lib/gcc/avr/5.4.0/avr5\libgcc.a(_udivmodsi4.o)
 .text.libgcc.prologue
                0x00000000        0x0 c:/facultad/ingenieria/iyc/7.0/toolchain/avr8/avr8-gnu-toolchain/bin/../lib/gcc/avr/5.4.0/avr5\libgcc.a(_udivmodsi4.o)
 .text.libgcc.builtins
                0x00000000        0x0 c:/facultad/ingenieria/iyc/7.0/toolchain/avr8/avr8-gnu-toolchain/bin/../lib/gcc/avr/5.4.0/avr5\libgcc.a(_udivmodsi4.o)
 .text.libgcc.fmul
                0x00000000        0x0 c:/facultad/ingenieria/iyc/7.0/toolchain/avr8/avr8-gnu-toolchain/bin/../lib/gcc/avr/5.4.0/avr5\libgcc.a(_udivmodsi4.o)
 .text.libgcc.fixed
                0x00000000        0x0 c:/facultad/ingenieria/iyc/7.0/toolchain/avr8/avr8-gnu-toolchain/bin/../lib/gcc/avr/5.4.0/avr5\libgcc.a(_udivmodsi4.o)
 .text          0x00000000        0x0 c:/facultad/ingenieria/iyc/7.0/toolchain/avr8/avr8-gnu-toolchain/bin/../lib/gcc/avr/5.4.0/avr5\libgcc.a(_exit.o)
 .data          0x00000000        0x0 c:/facultad/ingenieria/iyc/7.0/toolchain/avr8/avr8-gnu-toolchain/bin/../lib/gcc/avr/5.4.0/avr5\libgcc.a(_exit.o)
 .bss           0x00000000        0x0 c:/facultad/ingenieria/iyc/7.0/toolchain/avr8/avr8-gnu-toolchain/bin/../lib/gcc/avr/5.4.0/avr5\libgcc.a(_exit.o)
 .text.libgcc.mul
                0x00000000        0x0 c:/facultad/ingenieria/iyc/7.0/toolchain/avr8/avr8-gnu-toolchain/bin/../lib/gcc/avr/5.4.0/avr5\libgcc.a(_exit.o)
 .text.libgcc.div
                0x00000000        0x0 c:/facultad/ingenieria/iyc/7.0/toolchain/avr8/avr8-gnu-toolchain/bin/../lib/gcc/avr/5.4.0/avr5\libgcc.a(_exit.o)
 .text.libgcc   0x00000000        0x0 c:/facultad/ingenieria/iyc/7.0/toolchain/avr8/avr8-gnu-toolchain/bin/../lib/gcc/avr/5.4.0/avr5\libgcc.a(_exit.o)
 .text.libgcc.prologue
                0x00000000        0x0 c:/facultad/ingenieria/iyc/7.0/toolchain/avr8/avr8-gnu-toolchain/bin/../lib/gcc/avr/5.4.0/avr5\libgcc.a(_exit.o)
 .text.libgcc.builtins
                0x00000000        0x0 c:/facultad/ingenieria/iyc/7.0/toolchain/avr8/avr8-gnu-toolchain/bin/../lib/gcc/avr/5.4.0/avr5\libgcc.a(_exit.o)
 .text.libgcc.fmul
                0x00000000        0x0 c:/facultad/ingenieria/iyc/7.0/toolchain/avr8/avr8-gnu-toolchain/bin/../lib/gcc/avr/5.4.0/avr5\libgcc.a(_exit.o)
 .text.libgcc.fixed
                0x00000000        0x0 c:/facultad/ingenieria/iyc/7.0/toolchain/avr8/avr8-gnu-toolchain/bin/../lib/gcc/avr/5.4.0/avr5\libgcc.a(_exit.o)
 .text          0x00000000        0x0 c:/facultad/ingenieria/iyc/7.0/toolchain/avr8/avr8-gnu-toolchain/bin/../lib/gcc/avr/5.4.0/avr5\libgcc.a(_copy_data.o)
 .data          0x00000000        0x0 c:/facultad/ingenieria/iyc/7.0/toolchain/avr8/avr8-gnu-toolchain/bin/../lib/gcc/avr/5.4.0/avr5\libgcc.a(_copy_data.o)
 .bss           0x00000000        0x0 c:/facultad/ingenieria/iyc/7.0/toolchain/avr8/avr8-gnu-toolchain/bin/../lib/gcc/avr/5.4.0/avr5\libgcc.a(_copy_data.o)
 .text.libgcc.mul
                0x00000000        0x0 c:/facultad/ingenieria/iyc/7.0/toolchain/avr8/avr8-gnu-toolchain/bin/../lib/gcc/avr/5.4.0/avr5\libgcc.a(_copy_data.o)
 .text.libgcc.div
                0x00000000        0x0 c:/facultad/ingenieria/iyc/7.0/toolchain/avr8/avr8-gnu-toolchain/bin/../lib/gcc/avr/5.4.0/avr5\libgcc.a(_copy_data.o)
 .text.libgcc   0x00000000        0x0 c:/facultad/ingenieria/iyc/7.0/toolchain/avr8/avr8-gnu-toolchain/bin/../lib/gcc/avr/5.4.0/avr5\libgcc.a(_copy_data.o)
 .text.libgcc.prologue
                0x00000000        0x0 c:/facultad/ingenieria/iyc/7.0/toolchain/avr8/avr8-gnu-toolchain/bin/../lib/gcc/avr/5.4.0/avr5\libgcc.a(_copy_data.o)
 .text.libgcc.builtins
                0x00000000        0x0 c:/facultad/ingenieria/iyc/7.0/toolchain/avr8/avr8-gnu-toolchain/bin/../lib/gcc/avr/5.4.0/avr5\libgcc.a(_copy_data.o)
 .text.libgcc.fmul
                0x00000000        0x0 c:/facultad/ingenieria/iyc/7.0/toolchain/avr8/avr8-gnu-toolchain/bin/../lib/gcc/avr/5.4.0/avr5\libgcc.a(_copy_data.o)
 .text.libgcc.fixed
                0x00000000        0x0 c:/facultad/ingenieria/iyc/7.0/toolchain/avr8/avr8-gnu-toolchain/bin/../lib/gcc/avr/5.4.0/avr5\libgcc.a(_copy_data.o)
 .text          0x00000000        0x0 c:/facultad/ingenieria/iyc/7.0/toolchain/avr8/avr8-gnu-toolchain/bin/../lib/gcc/avr/5.4.0/avr5\libgcc.a(_clear_bss.o)
 .data          0x00000000        0x0 c:/facultad/ingenieria/iyc/7.0/toolchain/avr8/avr8-gnu-toolchain/bin/../lib/gcc/avr/5.4.0/avr5\libgcc.a(_clear_bss.o)
 .bss           0x00000000        0x0 c:/facultad/ingenieria/iyc/7.0/toolchain/avr8/avr8-gnu-toolchain/bin/../lib/gcc/avr/5.4.0/avr5\libgcc.a(_clear_bss.o)
 .text.libgcc.mul
                0x00000000        0x0 c:/facultad/ingenieria/iyc/7.0/toolchain/avr8/avr8-gnu-toolchain/bin/../lib/gcc/avr/5.4.0/avr5\libgcc.a(_clear_bss.o)
 .text.libgcc.div
                0x00000000        0x0 c:/facultad/ingenieria/iyc/7.0/toolchain/avr8/avr8-gnu-toolchain/bin/../lib/gcc/avr/5.4.0/avr5\libgcc.a(_clear_bss.o)
 .text.libgcc   0x00000000        0x0 c:/facultad/ingenieria/iyc/7.0/toolchain/avr8/avr8-gnu-toolchain/bin/../lib/gcc/avr/5.4.0/avr5\libgcc.a(_clear_bss.o)
 .text.libgcc.prologue
                0x00000000        0x0 c:/facultad/ingenieria/iyc/7.0/toolchain/avr8/avr8-gnu-toolchain/bin/../lib/gcc/avr/5.4.0/avr5\libgcc.a(_clear_bss.o)
 .text.libgcc.builtins
                0x00000000        0x0 c:/facultad/ingenieria/iyc/7.0/toolchain/avr8/avr8-gnu-toolchain/bin/../lib/gcc/avr/5.4.0/avr5\libgcc.a(_clear_bss.o)
 .text.libgcc.fmul
                0x00000000        0x0 c:/facultad/ingenieria/iyc/7.0/toolchain/avr8/avr8-gnu-toolchain/bin/../lib/gcc/avr/5.4.0/avr5\libgcc.a(_clear_bss.o)
 .text.libgcc.fixed
                0x00000000        0x0 c:/facultad/ingenieria/iyc/7.0/toolchain/avr8/avr8-gnu-toolchain/bin/../lib/gcc/avr/5.4.0/avr5\libgcc.a(_clear_bss.o)
 .text          0x00000000        0x0 c:/facultad/ingenieria/iyc/7.0/toolchain/avr8/avr8-gnu-toolchain/bin/../lib/gcc/avr/5.4.0/avr5\libgcc.a(_umulhisi3.o)
 .data          0x00000000        0x0 c:/facultad/ingenieria/iyc/7.0/toolchain/avr8/avr8-gnu-toolchain/bin/../lib/gcc/avr/5.4.0/avr5\libgcc.a(_umulhisi3.o)
 .bss           0x00000000        0x0 c:/facultad/ingenieria/iyc/7.0/toolchain/avr8/avr8-gnu-toolchain/bin/../lib/gcc/avr/5.4.0/avr5\libgcc.a(_umulhisi3.o)
 .text.libgcc.div
                0x00000000        0x0 c:/facultad/ingenieria/iyc/7.0/toolchain/avr8/avr8-gnu-toolchain/bin/../lib/gcc/avr/5.4.0/avr5\libgcc.a(_umulhisi3.o)
 .text.libgcc   0x00000000        0x0 c:/facultad/ingenieria/iyc/7.0/toolchain/avr8/avr8-gnu-toolchain/bin/../lib/gcc/avr/5.4.0/avr5\libgcc.a(_umulhisi3.o)
 .text.libgcc.prologue
                0x00000000        0x0 c:/facultad/ingenieria/iyc/7.0/toolchain/avr8/avr8-gnu-toolchain/bin/../lib/gcc/avr/5.4.0/avr5\libgcc.a(_umulhisi3.o)
 .text.libgcc.builtins
                0x00000000        0x0 c:/facultad/ingenieria/iyc/7.0/toolchain/avr8/avr8-gnu-toolchain/bin/../lib/gcc/avr/5.4.0/avr5\libgcc.a(_umulhisi3.o)
 .text.libgcc.fmul
                0x00000000        0x0 c:/facultad/ingenieria/iyc/7.0/toolchain/avr8/avr8-gnu-toolchain/bin/../lib/gcc/avr/5.4.0/avr5\libgcc.a(_umulhisi3.o)
 .text.libgcc.fixed
                0x00000000        0x0 c:/facultad/ingenieria/iyc/7.0/toolchain/avr8/avr8-gnu-toolchain/bin/../lib/gcc/avr/5.4.0/avr5\libgcc.a(_umulhisi3.o)
 .text          0x00000000        0x0 c:/facultad/ingenieria/iyc/7.0/toolchain/avr8/avr8-gnu-toolchain/bin/../lib/gcc/avr/5.4.0/avr5\libgcc.a(_udivmodhi4.o)
 .data          0x00000000        0x0 c:/facultad/ingenieria/iyc/7.0/toolchain/avr8/avr8-gnu-toolchain/bin/../lib/gcc/avr/5.4.0/avr5\libgcc.a(_udivmodhi4.o)
 .bss           0x00000000        0x0 c:/facultad/ingenieria/iyc/7.0/toolchain/avr8/avr8-gnu-toolchain/bin/../lib/gcc/avr/5.4.0/avr5\libgcc.a(_udivmodhi4.o)
 .text.libgcc.mul
                0x00000000        0x0 c:/facultad/ingenieria/iyc/7.0/toolchain/avr8/avr8-gnu-toolchain/bin/../lib/gcc/avr/5.4.0/avr5\libgcc.a(_udivmodhi4.o)
 .text.libgcc   0x00000000        0x0 c:/facultad/ingenieria/iyc/7.0/toolchain/avr8/avr8-gnu-toolchain/bin/../lib/gcc/avr/5.4.0/avr5\libgcc.a(_udivmodhi4.o)
 .text.libgcc.prologue
                0x00000000        0x0 c:/facultad/ingenieria/iyc/7.0/toolchain/avr8/avr8-gnu-toolchain/bin/../lib/gcc/avr/5.4.0/avr5\libgcc.a(_udivmodhi4.o)
 .text.libgcc.builtins
                0x00000000        0x0 c:/facultad/ingenieria/iyc/7.0/toolchain/avr8/avr8-gnu-toolchain/bin/../lib/gcc/avr/5.4.0/avr5\libgcc.a(_udivmodhi4.o)
 .text.libgcc.fmul
                0x00000000        0x0 c:/facultad/ingenieria/iyc/7.0/toolchain/avr8/avr8-gnu-toolchain/bin/../lib/gcc/avr/5.4.0/avr5\libgcc.a(_udivmodhi4.o)
 .text.libgcc.fixed
                0x00000000        0x0 c:/facultad/ingenieria/iyc/7.0/toolchain/avr8/avr8-gnu-toolchain/bin/../lib/gcc/avr/5.4.0/avr5\libgcc.a(_udivmodhi4.o)
 .text          0x00000000        0x0 c:/facultad/ingenieria/iyc/7.0/toolchain/avr8/avr8-gnu-toolchain/bin/../lib/gcc/avr/5.4.0/../../../../avr/lib/avr5\libc.a(strncmp.o)
 .data          0x00000000        0x0 c:/facultad/ingenieria/iyc/7.0/toolchain/avr8/avr8-gnu-toolchain/bin/../lib/gcc/avr/5.4.0/../../../../avr/lib/avr5\libc.a(strncmp.o)
 .bss           0x00000000        0x0 c:/facultad/ingenieria/iyc/7.0/toolchain/avr8/avr8-gnu-toolchain/bin/../lib/gcc/avr/5.4.0/../../../../avr/lib/avr5\libc.a(strncmp.o)
 .text          0x00000000        0x0 c:/facultad/ingenieria/iyc/7.0/toolchain/avr8/avr8-gnu-toolchain/bin/../lib/gcc/avr/5.4.0/../../../../avr/lib/avr5\libc.a(sscanf.o)
 .data          0x00000000        0x0 c:/facultad/ingenieria/iyc/7.0/toolchain/avr8/avr8-gnu-toolchain/bin/../lib/gcc/avr/5.4.0/../../../../avr/lib/avr5\libc.a(sscanf.o)
 .bss           0x00000000        0x0 c:/facultad/ingenieria/iyc/7.0/toolchain/avr8/avr8-gnu-toolchain/bin/../lib/gcc/avr/5.4.0/../../../../avr/lib/avr5\libc.a(sscanf.o)
 .text          0x00000000        0x0 c:/facultad/ingenieria/iyc/7.0/toolchain/avr8/avr8-gnu-toolchain/bin/../lib/gcc/avr/5.4.0/../../../../avr/lib/avr5\libc.a(vfscanf_std.o)
 .data          0x00000000        0x0 c:/facultad/ingenieria/iyc/7.0/toolchain/avr8/avr8-gnu-toolchain/bin/../lib/gcc/avr/5.4.0/../../../../avr/lib/avr5\libc.a(vfscanf_std.o)
 .bss           0x00000000        0x0 c:/facultad/ingenieria/iyc/7.0/toolchain/avr8/avr8-gnu-toolchain/bin/../lib/gcc/avr/5.4.0/../../../../avr/lib/avr5\libc.a(vfscanf_std.o)
 .text          0x00000000        0x0 c:/facultad/ingenieria/iyc/7.0/toolchain/avr8/avr8-gnu-toolchain/bin/../lib/gcc/avr/5.4.0/../../../../avr/lib/avr5\libc.a(isspace.o)
 .data          0x00000000        0x0 c:/facultad/ingenieria/iyc/7.0/toolchain/avr8/avr8-gnu-toolchain/bin/../lib/gcc/avr/5.4.0/../../../../avr/lib/avr5\libc.a(isspace.o)
 .bss           0x00000000        0x0 c:/facultad/ingenieria/iyc/7.0/toolchain/avr8/avr8-gnu-toolchain/bin/../lib/gcc/avr/5.4.0/../../../../avr/lib/avr5\libc.a(isspace.o)
 .text          0x00000000        0x0 c:/facultad/ingenieria/iyc/7.0/toolchain/avr8/avr8-gnu-toolchain/bin/../lib/gcc/avr/5.4.0/../../../../avr/lib/avr5\libc.a(strchr_P.o)
 .data          0x00000000        0x0 c:/facultad/ingenieria/iyc/7.0/toolchain/avr8/avr8-gnu-toolchain/bin/../lib/gcc/avr/5.4.0/../../../../avr/lib/avr5\libc.a(strchr_P.o)
 .bss           0x00000000        0x0 c:/facultad/ingenieria/iyc/7.0/toolchain/avr8/avr8-gnu-toolchain/bin/../lib/gcc/avr/5.4.0/../../../../avr/lib/avr5\libc.a(strchr_P.o)
 .text          0x00000000        0x0 c:/facultad/ingenieria/iyc/7.0/toolchain/avr8/avr8-gnu-toolchain/bin/../lib/gcc/avr/5.4.0/../../../../avr/lib/avr5\libc.a(fgetc.o)
 .data          0x00000000        0x0 c:/facultad/ingenieria/iyc/7.0/toolchain/avr8/avr8-gnu-toolchain/bin/../lib/gcc/avr/5.4.0/../../../../avr/lib/avr5\libc.a(fgetc.o)
 .bss           0x00000000        0x0 c:/facultad/ingenieria/iyc/7.0/toolchain/avr8/avr8-gnu-toolchain/bin/../lib/gcc/avr/5.4.0/../../../../avr/lib/avr5\libc.a(fgetc.o)
 .text          0x00000000        0x0 c:/facultad/ingenieria/iyc/7.0/toolchain/avr8/avr8-gnu-toolchain/bin/../lib/gcc/avr/5.4.0/../../../../avr/lib/avr5\libc.a(ungetc.o)
 .data          0x00000000        0x0 c:/facultad/ingenieria/iyc/7.0/toolchain/avr8/avr8-gnu-toolchain/bin/../lib/gcc/avr/5.4.0/../../../../avr/lib/avr5\libc.a(ungetc.o)
 .bss           0x00000000        0x0 c:/facultad/ingenieria/iyc/7.0/toolchain/avr8/avr8-gnu-toolchain/bin/../lib/gcc/avr/5.4.0/../../../../avr/lib/avr5\libc.a(ungetc.o)
 .text          0x00000000        0x0 c:/facultad/ingenieria/iyc/7.0/toolchain/avr8/avr8-gnu-toolchain/bin/../lib/gcc/avr/5.4.0/../../../../avr/lib/avr5\libc.a(cty_isfalse.o)
 .data          0x00000000        0x0 c:/facultad/ingenieria/iyc/7.0/toolchain/avr8/avr8-gnu-toolchain/bin/../lib/gcc/avr/5.4.0/../../../../avr/lib/avr5\libc.a(cty_isfalse.o)
 .bss           0x00000000        0x0 c:/facultad/ingenieria/iyc/7.0/toolchain/avr8/avr8-gnu-toolchain/bin/../lib/gcc/avr/5.4.0/../../../../avr/lib/avr5\libc.a(cty_isfalse.o)
 .text          0x00000000        0x0 c:/facultad/ingenieria/iyc/7.0/toolchain/avr8/avr8-gnu-toolchain/bin/../lib/gcc/avr/5.4.0/avr5\libgcc.a(_prologue.o)
 .data          0x00000000        0x0 c:/facultad/ingenieria/iyc/7.0/toolchain/avr8/avr8-gnu-toolchain/bin/../lib/gcc/avr/5.4.0/avr5\libgcc.a(_prologue.o)
 .bss           0x00000000        0x0 c:/facultad/ingenieria/iyc/7.0/toolchain/avr8/avr8-gnu-toolchain/bin/../lib/gcc/avr/5.4.0/avr5\libgcc.a(_prologue.o)
 .text.libgcc.mul
                0x00000000        0x0 c:/facultad/ingenieria/iyc/7.0/toolchain/avr8/avr8-gnu-toolchain/bin/../lib/gcc/avr/5.4.0/avr5\libgcc.a(_prologue.o)
 .text.libgcc.div
                0x00000000        0x0 c:/facultad/ingenieria/iyc/7.0/toolchain/avr8/avr8-gnu-toolchain/bin/../lib/gcc/avr/5.4.0/avr5\libgcc.a(_prologue.o)
 .text.libgcc   0x00000000        0x0 c:/facultad/ingenieria/iyc/7.0/toolchain/avr8/avr8-gnu-toolchain/bin/../lib/gcc/avr/5.4.0/avr5\libgcc.a(_prologue.o)
 .text.libgcc.builtins
                0x00000000        0x0 c:/facultad/ingenieria/iyc/7.0/toolchain/avr8/avr8-gnu-toolchain/bin/../lib/gcc/avr/5.4.0/avr5\libgcc.a(_prologue.o)
 .text.libgcc.fmul
                0x00000000        0x0 c:/facultad/ingenieria/iyc/7.0/toolchain/avr8/avr8-gnu-toolchain/bin/../lib/gcc/avr/5.4.0/avr5\libgcc.a(_prologue.o)
 .text.libgcc.fixed
                0x00000000        0x0 c:/facultad/ingenieria/iyc/7.0/toolchain/avr8/avr8-gnu-toolchain/bin/../lib/gcc/avr/5.4.0/avr5\libgcc.a(_prologue.o)
 .text          0x00000000        0x0 c:/facultad/ingenieria/iyc/7.0/toolchain/avr8/avr8-gnu-toolchain/bin/../lib/gcc/avr/5.4.0/avr5\libgcc.a(_epilogue.o)
 .data          0x00000000        0x0 c:/facultad/ingenieria/iyc/7.0/toolchain/avr8/avr8-gnu-toolchain/bin/../lib/gcc/avr/5.4.0/avr5\libgcc.a(_epilogue.o)
 .bss           0x00000000        0x0 c:/facultad/ingenieria/iyc/7.0/toolchain/avr8/avr8-gnu-toolchain/bin/../lib/gcc/avr/5.4.0/avr5\libgcc.a(_epilogue.o)
 .text.libgcc.mul
                0x00000000        0x0 c:/facultad/ingenieria/iyc/7.0/toolchain/avr8/avr8-gnu-toolchain/bin/../lib/gcc/avr/5.4.0/avr5\libgcc.a(_epilogue.o)
 .text.libgcc.div
                0x00000000        0x0 c:/facultad/ingenieria/iyc/7.0/toolchain/avr8/avr8-gnu-toolchain/bin/../lib/gcc/avr/5.4.0/avr5\libgcc.a(_epilogue.o)
 .text.libgcc   0x00000000        0x0 c:/facultad/ingenieria/iyc/7.0/toolchain/avr8/avr8-gnu-toolchain/bin/../lib/gcc/avr/5.4.0/avr5\libgcc.a(_epilogue.o)
 .text.libgcc.builtins
                0x00000000        0x0 c:/facultad/ingenieria/iyc/7.0/toolchain/avr8/avr8-gnu-toolchain/bin/../lib/gcc/avr/5.4.0/avr5\libgcc.a(_epilogue.o)
 .text.libgcc.fmul
                0x00000000        0x0 c:/facultad/ingenieria/iyc/7.0/toolchain/avr8/avr8-gnu-toolchain/bin/../lib/gcc/avr/5.4.0/avr5\libgcc.a(_epilogue.o)
 .text.libgcc.fixed
                0x00000000        0x0 c:/facultad/ingenieria/iyc/7.0/toolchain/avr8/avr8-gnu-toolchain/bin/../lib/gcc/avr/5.4.0/avr5\libgcc.a(_epilogue.o)

Memory Configuration

Name             Origin             Length             Attributes
text             0x00000000         0x00008000         xr
data             0x00800100         0x00000800         rw !x
eeprom           0x00810000         0x00000400         rw !x
fuse             0x00820000         0x00000003         rw !x
lock             0x00830000         0x00000400         rw !x
signature        0x00840000         0x00000400         rw !x
user_signatures  0x00850000         0x00000400         rw !x
*default*        0x00000000         0xffffffff

Linker script and memory map

Address of section .data set to 0x800100
LOAD C:/Facultad/Ingenieria/IyC/7.0/Packs/atmel/ATmega_DFP/1.6.364/gcc/dev/atmega328p/avr5/crtatmega328p.o
LOAD drivers/adc/adc.o
LOAD drivers/mef/MEF.o
LOAD drivers/pwm/pwm.o
LOAD drivers/rgb/rgb.o
LOAD drivers/timers/timer0.o
LOAD drivers/timers/timer1.o
LOAD drivers/uart/buffer_circular.o
LOAD drivers/uart/comandos.o
LOAD drivers/uart/uart.o
LOAD main.o
START GROUP
LOAD c:/facultad/ingenieria/iyc/7.0/toolchain/avr8/avr8-gnu-toolchain/bin/../lib/gcc/avr/5.4.0/../../../../avr/lib/avr5\libm.a
END GROUP
START GROUP
LOAD c:/facultad/ingenieria/iyc/7.0/toolchain/avr8/avr8-gnu-toolchain/bin/../lib/gcc/avr/5.4.0/avr5\libgcc.a
LOAD c:/facultad/ingenieria/iyc/7.0/toolchain/avr8/avr8-gnu-toolchain/bin/../lib/gcc/avr/5.4.0/../../../../avr/lib/avr5\libm.a
LOAD c:/facultad/ingenieria/iyc/7.0/toolchain/avr8/avr8-gnu-toolchain/bin/../lib/gcc/avr/5.4.0/../../../../avr/lib/avr5\libc.a
LOAD C:/Facultad/Ingenieria/IyC/7.0/Packs/atmel/ATmega_DFP/1.6.364/gcc/dev/atmega328p/avr5\libatmega328p.a
END GROUP
                0x00000000                __TEXT_REGION_ORIGIN__ = DEFINED (__TEXT_REGION_ORIGIN__)?__TEXT_REGION_ORIGIN__:0x0
                [0x00800100]                __DATA_REGION_ORIGIN__ = DEFINED (__DATA_REGION_ORIGIN__)?__DATA_REGION_ORIGIN__:0x800060
                [0x00008000]                __TEXT_REGION_LENGTH__ = DEFINED (__TEXT_REGION_LENGTH__)?__TEXT_REGION_LENGTH__:0x20000
                [0x00000800]                __DATA_REGION_LENGTH__ = DEFINED (__DATA_REGION_LENGTH__)?__DATA_REGION_LENGTH__:0xffa0
                [0x00000400]                __EEPROM_REGION_LENGTH__ = DEFINED (__EEPROM_REGION_LENGTH__)?__EEPROM_REGION_LENGTH__:0x10000
                [0x00000003]                __FUSE_REGION_LENGTH__ = DEFINED (__FUSE_REGION_LENGTH__)?__FUSE_REGION_LENGTH__:0x400
                0x00000400                __LOCK_REGION_LENGTH__ = DEFINED (__LOCK_REGION_LENGTH__)?__LOCK_REGION_LENGTH__:0x400
                0x00000400                __SIGNATURE_REGION_LENGTH__ = DEFINED (__SIGNATURE_REGION_LENGTH__)?__SIGNATURE_REGION_LENGTH__:0x400
                0x00000400                __USER_SIGNATURE_REGION_LENGTH__ = DEFINED (__USER_SIGNATURE_REGION_LENGTH__)?__USER_SIGNATURE_REGION_LENGTH__:0x400

.hash
 *(.hash)

.dynsym
 *(.dynsym)

.dynstr
 *(.dynstr)

.gnu.version
 *(.gnu.version)

.gnu.version_d
 *(.gnu.version_d)

.gnu.version_r
 *(.gnu.version_r)

.rel.init
 *(.rel.init)

.rela.init
 *(.rela.init)

.rel.text
 *(.rel.text)
 *(.rel.text.*)
 *(.rel.gnu.linkonce.t*)

.rela.text
 *(.rela.text)
 *(.rela.text.*)
 *(.rela.gnu.linkonce.t*)

.rel.fini
 *(.rel.fini)

.rela.fini
 *(.rela.fini)

.rel.rodata
 *(.rel.rodata)
 *(.rel.rodata.*)
 *(.rel.gnu.linkonce.r*)

.rela.rodata
 *(.rela.rodata)
 *(.rela.rodata.*)
 *(.rela.gnu.linkonce.r*)

.rel.data
 *(.rel.data)
 *(.rel.data.*)
 *(.rel.gnu.linkonce.d*)

.rela.data
 *(.rela.data)
 *(.rela.data.*)
 *(.rela.gnu.linkonce.d*)

.rel.ctors
 *(.rel.ctors)

.rela.ctors
 *(.rela.ctors)

.rel.dtors
 *(.rel.dtors)

.rela.dtors
 *(.rela.dtors)

.rel.got
 *(.rel.got)

.rela.got
 *(.rela.got)

.rel.bss
 *(.rel.bss)

.rela.bss
 *(.rela.bss)

.rel.plt
 *(.rel.plt)

.rela.plt
 *(.rela.plt)

.text           0x00000000      0xfcc
 *(.vectors)
 .vectors       0x00000000       0x68 C:/Facultad/Ingenieria/IyC/7.0/Packs/atmel/ATmega_DFP/1.6.364/gcc/dev/atmega328p/avr5/crtatmega328p.o
                0x00000000                __vector_default
                0x00000000                __vectors
 *(.vectors)
 *(.progmem.gcc*)
                0x00000068                . = ALIGN (0x2)
                0x00000068                __trampolines_start = .
 *(.trampolines)
 .trampolines   0x00000068        0x0 linker stubs
 *(.trampolines*)
                0x00000068                __trampolines_end = .
 *libprintf_flt.a:*(.progmem.data)
 *libc.a:*(.progmem.data)
 .progmem.data  0x00000068        0xc c:/facultad/ingenieria/iyc/7.0/toolchain/avr8/avr8-gnu-toolchain/bin/../lib/gcc/avr/5.4.0/../../../../avr/lib/avr5\libc.a(vfscanf_std.o)
 *(.progmem*)
                0x00000074                . = ALIGN (0x2)
 *(.jumptables)
 *(.jumptables*)
 *(.lowtext)
 *(.lowtext*)
                0x00000074                __ctors_start = .
 *(.ctors)
                0x00000074                __ctors_end = .
                0x00000074                __dtors_start = .
 *(.dtors)
                0x00000074                __dtors_end = .
 SORT(*)(.ctors)
 SORT(*)(.dtors)
 *(.init0)
 .init0         0x00000074        0x0 C:/Facultad/Ingenieria/IyC/7.0/Packs/atmel/ATmega_DFP/1.6.364/gcc/dev/atmega328p/avr5/crtatmega328p.o
                0x00000074                __init
 *(.init0)
 *(.init1)
 *(.init1)
 *(.init2)
 .init2         0x00000074        0xc C:/Facultad/Ingenieria/IyC/7.0/Packs/atmel/ATmega_DFP/1.6.364/gcc/dev/atmega328p/avr5/crtatmega328p.o
 *(.init2)
 *(.init3)
 *(.init3)
 *(.init4)
 .init4         0x00000080       0x16 c:/facultad/ingenieria/iyc/7.0/toolchain/avr8/avr8-gnu-toolchain/bin/../lib/gcc/avr/5.4.0/avr5\libgcc.a(_copy_data.o)
                0x00000080                __do_copy_data
 .init4         0x00000096       0x10 c:/facultad/ingenieria/iyc/7.0/toolchain/avr8/avr8-gnu-toolchain/bin/../lib/gcc/avr/5.4.0/avr5\libgcc.a(_clear_bss.o)
                0x00000096                __do_clear_bss
 *(.init4)
 *(.init5)
 *(.init5)
 *(.init6)
 *(.init6)
 *(.init7)
 *(.init7)
 *(.init8)
 *(.init8)
 *(.init9)
 .init9         0x000000a6        0x8 C:/Facultad/Ingenieria/IyC/7.0/Packs/atmel/ATmega_DFP/1.6.364/gcc/dev/atmega328p/avr5/crtatmega328p.o
 *(.init9)
 *(.text)
 .text          0x000000ae        0x4 C:/Facultad/Ingenieria/IyC/7.0/Packs/atmel/ATmega_DFP/1.6.364/gcc/dev/atmega328p/avr5/crtatmega328p.o
                0x000000ae                __vector_22
                0x000000ae                __vector_1
                0x000000ae                __vector_24
                0x000000ae                __vector_12
                0x000000ae                __bad_interrupt
                0x000000ae                __vector_6
                0x000000ae                __vector_3
                0x000000ae                __vector_23
                0x000000ae                __vector_25
                0x000000ae                __vector_11
                0x000000ae                __vector_13
                0x000000ae                __vector_17
                0x000000ae                __vector_7
                0x000000ae                __vector_5
                0x000000ae                __vector_4
                0x000000ae                __vector_9
                0x000000ae                __vector_2
                0x000000ae                __vector_21
                0x000000ae                __vector_15
                0x000000ae                __vector_8
                0x000000ae                __vector_10
                0x000000ae                __vector_16
                0x000000ae                __vector_20
                0x000000b2                . = ALIGN (0x2)
 *(.text.*)
 .text.ADC_Init
                0x000000b2       0x22 drivers/adc/adc.o
                0x000000b2                ADC_Init
 .text.ADC_Read
                0x000000d4       0x26 drivers/adc/adc.o
                0x000000d4                ADC_Read
 .text.MEF_Init
                0x000000fa       0x12 drivers/mef/MEF.o
                0x000000fa                MEF_Init
 .text.MEF_Update
                0x0000010c      0x172 drivers/mef/MEF.o
                0x0000010c                MEF_Update
 .text.MEF_task
                0x0000027e       0x5c drivers/mef/MEF.o
                0x0000027e                MEF_task
 .text.MEF_GetBrightness
                0x000002da        0x6 drivers/mef/MEF.o
                0x000002da                MEF_GetBrightness
 .text.PWM_set_red
                0x000002e0        0x6 drivers/pwm/pwm.o
                0x000002e0                PWM_set_red
 .text.PWM_set_green
                0x000002e6        0x6 drivers/pwm/pwm.o
                0x000002e6                PWM_set_green
 .text.PWM_set_blue
                0x000002ec        0x6 drivers/pwm/pwm.o
                0x000002ec                PWM_set_blue
 .text.PWM_init
                0x000002f2       0x22 drivers/pwm/pwm.o
                0x000002f2                PWM_init
 .text.PWM_task
                0x00000314       0x58 drivers/pwm/pwm.o
                0x00000314                PWM_task
 .text.RGB_set_color
                0x0000036c        0xe drivers/rgb/rgb.o
                0x0000036c                RGB_set_color
 .text.RGB_init
                0x0000037a        0xc drivers/rgb/rgb.o
                0x0000037a                RGB_init
 .text.RGB_task
                0x00000386       0x6c drivers/rgb/rgb.o
                0x00000386                RGB_task
 .text.TIMER0_init
                0x000003f2       0x18 drivers/timers/timer0.o
                0x000003f2                TIMER0_init
 .text.__vector_14
                0x0000040a       0x4a drivers/timers/timer0.o
                0x0000040a                __vector_14
 .text.TIMER0_get_ticks_100us
                0x00000454       0x12 drivers/timers/timer0.o
                0x00000454                TIMER0_get_ticks_100us
 .text.TIMER1_init
                0x00000466       0x24 drivers/timers/timer1.o
                0x00000466                TIMER1_init
 .text.TIMER1_set_duty_blue
                0x0000048a        0xc drivers/timers/timer1.o
                0x0000048a                TIMER1_set_duty_blue
 .text.TIMER1_set_duty_green
                0x00000496        0xc drivers/timers/timer1.o
                0x00000496                TIMER1_set_duty_green
 .text.buffer_init
                0x000004a2        0xe drivers/uart/buffer_circular.o
                0x000004a2                buffer_init
 .text.buffer_is_empty
                0x000004b0       0x14 drivers/uart/buffer_circular.o
                0x000004b0                buffer_is_empty
 .text.buffer_pop
                0x000004c4       0x4a drivers/uart/buffer_circular.o
                0x000004c4                buffer_pop
 .text.buffer_is_full
                0x0000050e       0x22 drivers/uart/buffer_circular.o
                0x0000050e                buffer_is_full
 .text.buffer_push
                0x00000530       0x42 drivers/uart/buffer_circular.o
                0x00000530                buffer_push
 .text.comandos_init
                0x00000572        0x6 drivers/uart/comandos.o
                0x00000572                comandos_init
 .text.procesar_comando
                0x00000578       0xc8 drivers/uart/comandos.o
                0x00000578                procesar_comando
 .text.comandos_tarea
                0x00000640       0x72 drivers/uart/comandos.o
                0x00000640                comandos_tarea
 .text.UART_init
                0x000006b2       0x28 drivers/uart/uart.o
                0x000006b2                UART_init
 .text.UART_read_char
                0x000006da        0xc drivers/uart/uart.o
                0x000006da                UART_read_char
 .text.UART_send_char
                0x000006e6       0x1a drivers/uart/uart.o
                0x000006e6                UART_send_char
 .text.UART_send_string
                0x00000700       0x1a drivers/uart/uart.o
                0x00000700                UART_send_string
 .text.__vector_18
                0x0000071a       0x58 drivers/uart/uart.o
                0x0000071a                __vector_18
 .text.__vector_19
                0x00000772       0x78 drivers/uart/uart.o
                0x00000772                __vector_19
 .text.main     0x000007ea       0x3a main.o
                0x000007ea                main
 .text.libgcc.div
                0x00000824       0x28 c:/facultad/ingenieria/iyc/7.0/toolchain/avr8/avr8-gnu-toolchain/bin/../lib/gcc/avr/5.4.0/avr5\libgcc.a(_divmodhi4.o)
                0x00000824                _div
                0x00000824                __divmodhi4
 .text.libgcc.div
                0x0000084c       0x44 c:/facultad/ingenieria/iyc/7.0/toolchain/avr8/avr8-gnu-toolchain/bin/../lib/gcc/avr/5.4.0/avr5\libgcc.a(_udivmodsi4.o)
                0x0000084c                __udivmodsi4
 .text.libgcc.mul
                0x00000890       0x1e c:/facultad/ingenieria/iyc/7.0/toolchain/avr8/avr8-gnu-toolchain/bin/../lib/gcc/avr/5.4.0/avr5\libgcc.a(_umulhisi3.o)
                0x00000890                __umulhisi3
 .text.libgcc.div
                0x000008ae       0x28 c:/facultad/ingenieria/iyc/7.0/toolchain/avr8/avr8-gnu-toolchain/bin/../lib/gcc/avr/5.4.0/avr5\libgcc.a(_udivmodhi4.o)
                0x000008ae                __udivmodhi4
 .text.avr-libc
                0x000008d6       0x1c c:/facultad/ingenieria/iyc/7.0/toolchain/avr8/avr8-gnu-toolchain/bin/../lib/gcc/avr/5.4.0/../../../../avr/lib/avr5\libc.a(strncmp.o)
                0x000008d6                strncmp
 .text.avr-libc
                0x000008f2       0x32 c:/facultad/ingenieria/iyc/7.0/toolchain/avr8/avr8-gnu-toolchain/bin/../lib/gcc/avr/5.4.0/../../../../avr/lib/avr5\libc.a(sscanf.o)
                0x000008f2                sscanf
 .text.avr-libc
                0x00000924      0x55a c:/facultad/ingenieria/iyc/7.0/toolchain/avr8/avr8-gnu-toolchain/bin/../lib/gcc/avr/5.4.0/../../../../avr/lib/avr5\libc.a(vfscanf_std.o)
                0x00000c5c                vfscanf
 .text.avr-libc
                0x00000e7e       0x12 c:/facultad/ingenieria/iyc/7.0/toolchain/avr8/avr8-gnu-toolchain/bin/../lib/gcc/avr/5.4.0/../../../../avr/lib/avr5\libc.a(isspace.o)
                0x00000e7e                isspace
 .text.avr-libc
                0x00000e90       0x16 c:/facultad/ingenieria/iyc/7.0/toolchain/avr8/avr8-gnu-toolchain/bin/../lib/gcc/avr/5.4.0/../../../../avr/lib/avr5\libc.a(strchr_P.o)
                0x00000e90                strchr_P
 .text.avr-libc
                0x00000ea6       0x7c c:/facultad/ingenieria/iyc/7.0/toolchain/avr8/avr8-gnu-toolchain/bin/../lib/gcc/avr/5.4.0/../../../../avr/lib/avr5\libc.a(fgetc.o)
                0x00000ea6                fgetc
 .text.avr-libc
                0x00000f22       0x32 c:/facultad/ingenieria/iyc/7.0/toolchain/avr8/avr8-gnu-toolchain/bin/../lib/gcc/avr/5.4.0/../../../../avr/lib/avr5\libc.a(ungetc.o)
                0x00000f22                ungetc
 .text.avr-libc
                0x00000f54        0x6 c:/facultad/ingenieria/iyc/7.0/toolchain/avr8/avr8-gnu-toolchain/bin/../lib/gcc/avr/5.4.0/../../../../avr/lib/avr5\libc.a(cty_isfalse.o)
                0x00000f54                __ctype_isfalse
                0x00000f58                __ctype_istrue
 .text.libgcc.prologue
                0x00000f5a       0x38 c:/facultad/ingenieria/iyc/7.0/toolchain/avr8/avr8-gnu-toolchain/bin/../lib/gcc/avr/5.4.0/avr5\libgcc.a(_prologue.o)
                0x00000f5a                __prologue_saves__
 .text.libgcc.prologue
                0x00000f92       0x36 c:/facultad/ingenieria/iyc/7.0/toolchain/avr8/avr8-gnu-toolchain/bin/../lib/gcc/avr/5.4.0/avr5\libgcc.a(_epilogue.o)
                0x00000f92                __epilogue_restores__
                0x00000fc8                . = ALIGN (0x2)
 *(.fini9)
 .fini9         0x00000fc8        0x0 c:/facultad/ingenieria/iyc/7.0/toolchain/avr8/avr8-gnu-toolchain/bin/../lib/gcc/avr/5.4.0/avr5\libgcc.a(_exit.o)
                0x00000fc8                _exit
                0x00000fc8                exit
 *(.fini9)
 *(.fini8)
 *(.fini8)
 *(.fini7)
 *(.fini7)
 *(.fini6)
 *(.fini6)
 *(.fini5)
 *(.fini5)
 *(.fini4)
 *(.fini4)
 *(.fini3)
 *(.fini3)
 *(.fini2)
 *(.fini2)
 *(.fini1)
 *(.fini1)
 *(.fini0)
 .fini0         0x00000fc8        0x4 c:/facultad/ingenieria/iyc/7.0/toolchain/avr8/avr8-gnu-toolchain/bin/../lib/gcc/avr/5.4.0/avr5\libgcc.a(_exit.o)
 *(.fini0)
                0x00000fcc                _etext = .

.data           0x00800100       0x82 load address 0x00000fcc
                0x00800100                PROVIDE (__data_start, .)
 *(.data)
 *(.data*)
 *(.gnu.linkonce.d*)
 *(.rodata)
 *(.rodata*)
 .rodata.str1.1
                0x00800100       0x82 drivers/uart/comandos.o
                                 0x85 (size before relaxing)
 *(.gnu.linkonce.r*)
                0x00800182                . = ALIGN (0x2)
                0x00800182                _edata = .
                0x00800182                PROVIDE (__data_end, .)

.bss            0x00800182       0xba
                0x00800182                PROVIDE (__bss_start, .)
 *(.bss)
 *(.bss*)
 .bss.brillo    0x00800182        0x1 drivers/mef/MEF.o
 .bss.ultimo_tick_mef
                0x00800183        0x4 drivers/mef/MEF.o
 .bss.contadorEstado
                0x00800187        0x2 drivers/mef/MEF.o
 .bss.estado    0x00800189        0x1 drivers/mef/MEF.o
 .bss.ultimo_tick_pwm.1640
                0x0080018a        0x4 drivers/pwm/pwm.o
 .bss.pwm_counter
                0x0080018e        0x1 drivers/pwm/pwm.o
 .bss.duty_red  0x0080018f        0x1 drivers/pwm/pwm.o
 .bss.blue_base
                0x00800190        0x1 drivers/rgb/rgb.o
 .bss.green_base
                0x00800191        0x1 drivers/rgb/rgb.o
 .bss.red_base  0x00800192        0x1 drivers/rgb/rgb.o
 .bss.ticks_100us
                0x00800193        0x4 drivers/timers/timer0.o
                0x00800193                ticks_100us
 .bss.indice    0x00800197        0x1 drivers/uart/comandos.o
 .bss.comando   0x00800198       0x20 drivers/uart/comandos.o
 *(COMMON)
 COMMON         0x008001b8       0x84 drivers/uart/uart.o
                0x008001b8                rx_buffer
                0x008001fa                tx_buffer
                0x0080023c                PROVIDE (__bss_end, .)
                0x00000fcc                __data_load_start = LOADADDR (.data)
                0x0000104e                __data_load_end = (__data_load_start + SIZEOF (.data))

.noinit         0x0080023c        0x0
                [!provide]                PROVIDE (__noinit_start, .)
 *(.noinit*)
                [!provide]                PROVIDE (__noinit_end, .)
                0x0080023c                _end = .
                [!provide]                PROVIDE (__heap_start, .)

.eeprom         0x00810000        0x0
 *(.eeprom*)
                0x00810000                __eeprom_end = .

.fuse
 *(.fuse)
 *(.lfuse)
 *(.hfuse)
 *(.efuse)

.lock
 *(.lock*)

.signature
 *(.signature*)

.user_signatures
 *(.user_signatures*)

.stab
 *(.stab)

.stabstr
 *(.stabstr)

.stab.excl
 *(.stab.excl)

.stab.exclstr
 *(.stab.exclstr)

.stab.index
 *(.stab.index)

.stab.indexstr
 *(.stab.indexstr)

.comment        0x00000000       0x5c
 *(.comment)
 .comment       0x00000000       0x30 drivers/adc/adc.o
                                 0x31 (size before relaxing)
 .comment       0x00000030       0x31 drivers/mef/MEF.o
 .comment       0x00000030       0x31 drivers/pwm/pwm.o
 .comment       0x00000030       0x31 drivers/rgb/rgb.o
 .comment       0x00000030       0x31 drivers/timers/timer0.o
 .comment       0x00000030       0x31 drivers/timers/timer1.o
 .comment       0x00000030       0x31 drivers/uart/buffer_circular.o
 .comment       0x00000030       0x31 drivers/uart/comandos.o
 .comment       0x00000030       0x31 drivers/uart/uart.o
 .comment       0x00000030       0x31 main.o
 .comment       0x00000030       0x31 c:/facultad/ingenieria/iyc/7.0/toolchain/avr8/avr8-gnu-toolchain/bin/../lib/gcc/avr/5.4.0/../../../../avr/lib/avr5\libc.a(sscanf.o)
 .comment       0x00000030       0x2c c:/facultad/ingenieria/iyc/7.0/toolchain/avr8/avr8-gnu-toolchain/bin/../lib/gcc/avr/5.4.0/../../../../avr/lib/avr5\libc.a(vfscanf_std.o)
                                 0x2d (size before relaxing)
 .comment       0x0000005c       0x31 c:/facultad/ingenieria/iyc/7.0/toolchain/avr8/avr8-gnu-toolchain/bin/../lib/gcc/avr/5.4.0/../../../../avr/lib/avr5\libc.a(fgetc.o)
 .comment       0x0000005c       0x31 c:/facultad/ingenieria/iyc/7.0/toolchain/avr8/avr8-gnu-toolchain/bin/../lib/gcc/avr/5.4.0/../../../../avr/lib/avr5\libc.a(ungetc.o)

.note.gnu.avr.deviceinfo
                0x00000000       0x40
 .note.gnu.avr.deviceinfo
                0x00000000       0x40 C:/Facultad/Ingenieria/IyC/7.0/Packs/atmel/ATmega_DFP/1.6.364/gcc/dev/atmega328p/avr5/crtatmega328p.o

.note.gnu.build-id
 *(.note.gnu.build-id)

.debug
 *(.debug)

.line
 *(.line)

.debug_srcinfo
 *(.debug_srcinfo)

.debug_sfnames
 *(.debug_sfnames)

.debug_aranges  0x00000000      0x218
 *(.debug_aranges)
 .debug_aranges
                0x00000000       0x28 drivers/adc/adc.o
 .debug_aranges
                0x00000028       0x38 drivers/mef/MEF.o
 .debug_aranges
                0x00000060       0x40 drivers/pwm/pwm.o
 .debug_aranges
                0x000000a0       0x30 drivers/rgb/rgb.o
 .debug_aranges
                0x000000d0       0x38 drivers/timers/timer0.o
 .debug_aranges
                0x00000108       0x30 drivers/timers/timer1.o
 .debug_aranges
                0x00000138       0x40 drivers/uart/buffer_circular.o
 .debug_aranges
                0x00000178       0x30 drivers/uart/comandos.o
 .debug_aranges
                0x000001a8       0x50 drivers/uart/uart.o
 .debug_aranges
                0x000001f8       0x20 main.o

.debug_pubnames
 *(.debug_pubnames)

.debug_info     0x00000000     0x1739
 *(.debug_info .gnu.linkonce.wi.*)
 .debug_info    0x00000000      0x5f4 C:/Facultad/Ingenieria/IyC/7.0/Packs/atmel/ATmega_DFP/1.6.364/gcc/dev/atmega328p/avr5/crtatmega328p.o
 .debug_info    0x000005f4       0xa8 drivers/adc/adc.o
 .debug_info    0x0000069c      0x1bb drivers/mef/MEF.o
 .debug_info    0x00000857      0x228 drivers/pwm/pwm.o
 .debug_info    0x00000a7f      0x198 drivers/rgb/rgb.o
 .debug_info    0x00000c17      0x113 drivers/timers/timer0.o
 .debug_info    0x00000d2a       0xda drivers/timers/timer1.o
 .debug_info    0x00000e04      0x210 drivers/uart/buffer_circular.o
 .debug_info    0x00001014      0x2ae drivers/uart/comandos.o
 .debug_info    0x000012c2      0x30e drivers/uart/uart.o
 .debug_info    0x000015d0      0x169 main.o

.debug_abbrev   0x00000000      0xe20
 *(.debug_abbrev)
 .debug_abbrev  0x00000000      0x5a2 C:/Facultad/Ingenieria/IyC/7.0/Packs/atmel/ATmega_DFP/1.6.364/gcc/dev/atmega328p/avr5/crtatmega328p.o
 .debug_abbrev  0x000005a2       0x6b drivers/adc/adc.o
 .debug_abbrev  0x0000060d       0xf4 drivers/mef/MEF.o
 .debug_abbrev  0x00000701       0xdb drivers/pwm/pwm.o
 .debug_abbrev  0x000007dc       0xdd drivers/rgb/rgb.o
 .debug_abbrev  0x000008b9       0xd3 drivers/timers/timer0.o
 .debug_abbrev  0x0000098c       0x92 drivers/timers/timer1.o
 .debug_abbrev  0x00000a1e      0x127 drivers/uart/buffer_circular.o
 .debug_abbrev  0x00000b45      0x111 drivers/uart/comandos.o
 .debug_abbrev  0x00000c56      0x155 drivers/uart/uart.o
 .debug_abbrev  0x00000dab       0x75 main.o

.debug_line     0x00000000      0xf24
 *(.debug_line .debug_line.* .debug_line_end)
 .debug_line    0x00000000      0x134 C:/Facultad/Ingenieria/IyC/7.0/Packs/atmel/ATmega_DFP/1.6.364/gcc/dev/atmega328p/avr5/crtatmega328p.o
 .debug_line    0x00000134       0xe5 drivers/adc/adc.o
 .debug_line    0x00000219      0x1f2 drivers/mef/MEF.o
 .debug_line    0x0000040b      0x172 drivers/pwm/pwm.o
 .debug_line    0x0000057d      0x12f drivers/rgb/rgb.o
 .debug_line    0x000006ac      0x107 drivers/timers/timer0.o
 .debug_line    0x000007b3       0xe9 drivers/timers/timer1.o
 .debug_line    0x0000089c      0x19f drivers/uart/buffer_circular.o
 .debug_line    0x00000a3b      0x1b4 drivers/uart/comandos.o
 .debug_line    0x00000bef      0x1b5 drivers/uart/uart.o
 .debug_line    0x00000da4      0x180 main.o

.debug_frame    0x00000000      0x488
 *(.debug_frame)
 .debug_frame   0x00000000       0x34 drivers/adc/adc.o
 .debug_frame   0x00000034       0x88 drivers/mef/MEF.o
 .debug_frame   0x000000bc       0x70 drivers/pwm/pwm.o
 .debug_frame   0x0000012c       0x58 drivers/rgb/rgb.o
 .debug_frame   0x00000184       0x74 drivers/timers/timer0.o
 .debug_frame   0x000001f8       0x44 drivers/timers/timer1.o
 .debug_frame   0x0000023c       0x88 drivers/uart/buffer_circular.o
 .debug_frame   0x000002c4       0x70 drivers/uart/comandos.o
 .debug_frame   0x00000334      0x130 drivers/uart/uart.o
 .debug_frame   0x00000464       0x24 main.o

.debug_str      0x00000000      0x71e
 *(.debug_str)
 .debug_str     0x00000000      0x208 C:/Facultad/Ingenieria/IyC/7.0/Packs/atmel/ATmega_DFP/1.6.364/gcc/dev/atmega328p/avr5/crtatmega328p.o
 .debug_str     0x00000208      0x149 drivers/adc/adc.o
                                0x17d (size before relaxing)
 .debug_str     0x00000351       0xd4 drivers/mef/MEF.o
                                0x233 (size before relaxing)
 .debug_str     0x00000425       0xb2 drivers/pwm/pwm.o
                                0x22e (size before relaxing)
 .debug_str     0x000004d7       0x5e drivers/rgb/rgb.o
                                0x1ef (size before relaxing)
 .debug_str     0x00000535       0x3b drivers/timers/timer0.o
                                0x1ce (size before relaxing)
 .debug_str     0x00000570       0x1b drivers/timers/timer1.o
                                0x1ad (size before relaxing)
 .debug_str     0x0000058b       0x90 drivers/uart/buffer_circular.o
                                0x1e9 (size before relaxing)
 .debug_str     0x0000061b       0x7f drivers/uart/comandos.o
                                0x1f9 (size before relaxing)
 .debug_str     0x0000069a       0x73 drivers/uart/uart.o
                                0x23f (size before relaxing)
 .debug_str     0x0000070d       0x11 main.o
                                0x1c4 (size before relaxing)

.debug_loc      0x00000000      0x751
 *(.debug_loc)
 .debug_loc     0x00000000      0x102 drivers/mef/MEF.o
 .debug_loc     0x00000102       0x71 drivers/pwm/pwm.o
 .debug_loc     0x00000173       0x67 drivers/rgb/rgb.o
 .debug_loc     0x000001da       0x63 drivers/timers/timer0.o
 .debug_loc     0x0000023d      0x19f drivers/uart/buffer_circular.o
 .debug_loc     0x000003dc       0xe0 drivers/uart/comandos.o
 .debug_loc     0x000004bc      0x295 drivers/uart/uart.o

.debug_macinfo
 *(.debug_macinfo)

.debug_weaknames
 *(.debug_weaknames)

.debug_funcnames
 *(.debug_funcnames)

.debug_typenames
 *(.debug_typenames)

.debug_varnames
 *(.debug_varnames)

.debug_pubtypes
 *(.debug_pubtypes)

.debug_ranges   0x00000000      0x178
 *(.debug_ranges)
 .debug_ranges  0x00000000       0x18 drivers/adc/adc.o
 .debug_ranges  0x00000018       0x28 drivers/mef/MEF.o
 .debug_ranges  0x00000040       0x30 drivers/pwm/pwm.o
 .debug_ranges  0x00000070       0x20 drivers/rgb/rgb.o
 .debug_ranges  0x00000090       0x28 drivers/timers/timer0.o
 .debug_ranges  0x000000b8       0x20 drivers/timers/timer1.o
 .debug_ranges  0x000000d8       0x30 drivers/uart/buffer_circular.o
 .debug_ranges  0x00000108       0x20 drivers/uart/comandos.o
 .debug_ranges  0x00000128       0x40 drivers/uart/uart.o
 .debug_ranges  0x00000168       0x10 main.o

.debug_macro
 *(.debug_macro)
OUTPUT(TP4.elf elf32-avr)
LOAD linker stubs
